2026-04-25 12:16:13 INFO    dissertation.runner              | ==============================================================================
2026-04-25 12:16:13 INFO    dissertation.runner              | Pipeline log: C:\Users\cbaraka.AFA\OneDrive - University of East London\Masters\Dissertation\Codes\Iteration_2\_outputs\logs\pipeline_20260425T091613Z.log
2026-04-25 12:16:13 INFO    dissertation.runner              | ==============================================================================
2026-04-25 12:16:13 INFO    dissertation.run_all             | Master log file : C:\Users\cbaraka.AFA\OneDrive - University of East London\Masters\Dissertation\Codes\Iteration_2\_outputs\logs\pipeline_20260425T091613Z.log
2026-04-25 12:16:13 INFO    dissertation.run_all             | Working dir     : C:\Users\cbaraka.AFA\OneDrive - University of East London\Masters\Dissertation\Codes\Iteration_2
2026-04-25 12:16:13 INFO    dissertation.run_all             | Python interpreter: C:\Users\cbaraka.AFA\AppData\Local\Programs\Python\Python313\python.exe
2026-04-25 12:16:13 INFO    dissertation.run_all             | Running 8 steps in sequence
2026-04-25 12:16:13 INFO    dissertation.run_all             | ------------------------------------------------------------------------------
2026-04-25 12:16:13 INFO    dissertation.run_all             | [1/8] START: step1_load_and_prepare.py
2026-04-25 12:16:14 INFO    dissertation.runner              | ==============================================================================
2026-04-25 12:16:14 INFO    dissertation.runner              | Pipeline log: C:\Users\cbaraka.AFA\OneDrive - University of East London\Masters\Dissertation\Codes\Iteration_2\_outputs\logs\pipeline_20260425T091613Z.log
2026-04-25 12:16:14 INFO    dissertation.runner              | ==============================================================================
2026-04-25 12:16:14 INFO    __main__                         | Reading: C:\Users\cbaraka.AFA\OneDrive - University of East London\Masters\Dissertation\Codes\Iteration_2\Data\Datasets for Modelling  Updated Final.xlsx
2026-04-25 12:16:14 INFO    __main__                         | Monthly panel:  312 rows   (expected 312, range 1998/1999 .. 2023/2024)
2026-04-25 12:16:14 INFO    __main__                         | Annual panel :   26 rows   (expected 26)
2026-04-25 12:16:14 INFO    __main__                         | 
Wrote C:\Users\cbaraka.AFA\OneDrive - University of East London\Masters\Dissertation\Codes\Iteration_2\_outputs\data\monthly_clean.csv
2026-04-25 12:16:14 INFO    __main__                         | Wrote C:\Users\cbaraka.AFA\OneDrive - University of East London\Masters\Dissertation\Codes\Iteration_2\_outputs\data\annual_clean.csv
2026-04-25 12:16:14 INFO    __main__                         | Wrote C:\Users\cbaraka.AFA\OneDrive - University of East London\Masters\Dissertation\Codes\Iteration_2\_outputs\data\data_audit.json
2026-04-25 12:16:14 INFO    dissertation.run_all             | [1/8] DONE : step1_load_and_prepare.py in 1.2s
2026-04-25 12:16:14 INFO    dissertation.run_all             | ------------------------------------------------------------------------------
2026-04-25 12:16:14 INFO    dissertation.run_all             | [2/8] START: step2_diagnostics.py
2026-04-25 12:16:17 INFO    dissertation.runner              | ==============================================================================
2026-04-25 12:16:17 INFO    dissertation.runner              | Pipeline log: C:\Users\cbaraka.AFA\OneDrive - University of East London\Masters\Dissertation\Codes\Iteration_2\_outputs\logs\pipeline_20260425T091613Z.log
2026-04-25 12:16:17 INFO    dissertation.runner              | ==============================================================================
2026-04-25 12:16:17 INFO    __main__                         | 
=== Unit-root battery ===
2026-04-25 12:16:17 INFO    __main__                         |  series transformation  ADF_stat  ADF_p  PP_stat   PP_p  KPSS_stat  KPSS_p   n        verdict
   lnNY          level   -1.3149 0.6223  -1.5133 0.5269     1.2498  0.0100 310 I(1) candidate
   lnNY             d1  -15.0113 0.0000 -15.1780 0.0000     0.0875  0.1000 310           I(0)
  lnAUC          level   -1.8195 0.3708  -2.5780 0.0976     1.7751  0.0100 286 I(1) candidate
  lnAUC             d1   -5.0808 0.0000 -14.8540 0.0000     0.0412  0.1000 287           I(0)
  lnICO          level   -0.7176 0.8421  -0.8858 0.7926     1.5653  0.0100 307 I(1) candidate
  lnICO             d1  -14.1851 0.0000 -14.4331 0.0000     0.1649  0.1000 307           I(0)
  lnCOL          level   -1.1792 0.6825  -1.2385 0.6568     1.4608  0.0100 310 I(1) candidate
  lnCOL             d1  -14.2057 0.0000 -14.2308 0.0000     0.0921  0.1000 310           I(0)
   lnFX          level   -1.1892 0.6782  -1.1193 0.7073     2.2781  0.0100 308 I(1) candidate
   lnFX             d1   -8.6760 0.0000 -13.4524 0.0000     0.0555  0.1000 308           I(0)
 lnFG_y          level   -1.6238 0.4707  -1.0515 0.7340     0.5759  0.0248  24 I(1) candidate
 lnFG_y             d1   -2.9303 0.0419  -5.6898 0.0000     0.2136  0.1000  15           I(0)
lnAUC_y          level   -0.2819 0.9280  -1.1178 0.7079     0.5379  0.0331  16 I(1) candidate
lnAUC_y             d1   -3.7947 0.0030  -5.2802 0.0000     0.1918  0.1000  15           I(0)
 lnNY_y          level   -1.4030 0.5808  -1.1361 0.7004     0.4345  0.0623  25      ambiguous
 lnNY_y             d1   -2.2734 0.1807  -4.8235 0.0000     0.1005  0.1000  15           I(0)
2026-04-25 12:16:17 INFO    __main__                         | 
=== Breaks (Binseg, primary) ===
2026-04-25 12:16:17 INFO    __main__                         |  break_no coffee_year_month           method
        1     1999/2000-m09 Binseg (primary)
        2     2004/2005-m04 Binseg (primary)
        3     2006/2007-m10 Binseg (primary)
        4     2020/2021-m01 Binseg (primary)
        5     2021/2022-m10 Binseg (primary)
2026-04-25 12:16:17 INFO    __main__                         | 
=== Breaks (PELT, robustness) ===
2026-04-25 12:16:17 INFO    __main__                         |  break_no coffee_year_month            method
        1     2004/2005-m04 PELT (robustness)
        2     2009/2010-m02 PELT (robustness)
2026-04-25 12:16:17 INFO    __main__                         | 
Wrote C:\Users\cbaraka.AFA\OneDrive - University of East London\Masters\Dissertation\Codes\Iteration_2\_outputs\tables\unit_root.csv, C:\Users\cbaraka.AFA\OneDrive - University of East London\Masters\Dissertation\Codes\Iteration_2\_outputs\tables\breaks_binseg.csv, C:\Users\cbaraka.AFA\OneDrive - University of East London\Masters\Dissertation\Codes\Iteration_2\_outputs\tables\breaks_pelt.csv.
2026-04-25 12:16:17 INFO    dissertation.run_all             | [2/8] DONE : step2_diagnostics.py in 3.0s
2026-04-25 12:16:17 INFO    dissertation.run_all             | ------------------------------------------------------------------------------
2026-04-25 12:16:17 INFO    dissertation.run_all             | [3/8] START: step3a_nardl_stage1.py
2026-04-25 12:16:19 INFO    dissertation.runner              | ==============================================================================
2026-04-25 12:16:19 INFO    dissertation.runner              | Pipeline log: C:\Users\cbaraka.AFA\OneDrive - University of East London\Masters\Dissertation\Codes\Iteration_2\_outputs\logs\pipeline_20260425T091613Z.log
2026-04-25 12:16:19 INFO    dissertation.runner              | ==============================================================================
2026-04-25 12:16:25 INFO    __main__                         | 
=== Stage 1 NARDL — four-spec baseline matrix ===
2026-04-25 12:16:25 INFO    __main__                         |                spec  n_obs  p  q  r  p_sbc  q_sbc  r_sbc    selection  include_fx international   theta1   L_pos   L_neg  wald_LR_p  wald_SR_p  bounds_F   bdm_t  half_life_m     R2      BIC
            NY + FX    296  1  2  0      1      0      0 BG-augmented        True      ny_usdkg -0.28961 0.83445 0.70390     0.0001     0.0573   18.0723 -7.1528        2.027 0.3442 -279.015
       NY (FX-free)    298  1  0  0      1      0      0     SBC-only       False      ny_usdkg -0.25799 0.85233 0.79084     0.0040     0.0175   14.6678 -6.4245        2.323 0.3093 -300.677
     Colombian + FX    296  2  2  0      1      0      0 BG-augmented        True     col_usdkg -0.30980 0.84798 0.72089     0.0004     0.2833   14.2848 -6.4637        1.869 0.3578 -279.542
Colombian (FX-free)    296  1  2  0      1      0      0 BG-augmented       False     col_usdkg -0.29634 0.87012 0.81677     0.0145     0.3364   17.1011 -7.0542        1.972 0.3343 -285.979
2026-04-25 12:16:25 INFO    __main__                         | 
Diagnostics across specs:
2026-04-25 12:16:25 INFO    __main__                         |                spec  BG12_stat  BG12_p  BP_stat   BP_p  JB_stat  JB_p
            NY + FX    35.7915  0.0003   9.5632 0.6542  82.8015   0.0
       NY (FX-free)    42.5268  0.0000   4.3434 0.6303  47.7062   0.0
     Colombian + FX    37.7934  0.0002  21.0413 0.0721  87.5969   0.0
Colombian (FX-free)    43.3138  0.0000  13.3596 0.2043  93.2504   0.0
2026-04-25 12:16:25 INFO    __main__                         | Wrote Stage 1 outputs to C:\Users\cbaraka.AFA\OneDrive - University of East London\Masters\Dissertation\Codes\Iteration_2\_outputs\tables
2026-04-25 12:16:25 INFO    dissertation.run_all             | [3/8] DONE : step3a_nardl_stage1.py in 7.4s
2026-04-25 12:16:25 INFO    dissertation.run_all             | ------------------------------------------------------------------------------
2026-04-25 12:16:25 INFO    dissertation.run_all             | [4/8] START: step3b_nardl_stage2.py
2026-04-25 12:16:27 INFO    dissertation.runner              | ==============================================================================
2026-04-25 12:16:27 INFO    dissertation.runner              | Pipeline log: C:\Users\cbaraka.AFA\OneDrive - University of East London\Masters\Dissertation\Codes\Iteration_2\_outputs\logs\pipeline_20260425T091613Z.log
2026-04-25 12:16:27 INFO    dissertation.runner              | ==============================================================================
2026-04-25 12:16:27 INFO    __main__                         | Stage 2 forced (m=1, n=1) sensitivity: bounds F=2.695, BDM t=-2.447, BIC=-65.67
2026-04-25 12:16:27 INFO    __main__                         | 
=== Stage 2 NARDL ===
2026-04-25 12:16:27 INFO    __main__                         |                           0
specification  SBC-selected
n_obs                    24
m                         0
n                         0
theta1             -0.68975
L_pos               0.95356
L_neg               0.89115
wald_LR_p            0.0546
bounds_F             3.8531
bdm_t               -3.1887
half_life_y           0.592
R2                   0.9792
BIC                 -74.305
2026-04-25 12:16:27 INFO    dissertation.run_all             | [4/8] DONE : step3b_nardl_stage2.py in 2.3s
2026-04-25 12:16:27 INFO    dissertation.run_all             | ------------------------------------------------------------------------------
2026-04-25 12:16:27 INFO    dissertation.run_all             | [5/8] START: step4a_xgb_stage1_monthly.py
2026-04-25 12:16:30 INFO    dissertation.runner              | ==============================================================================
2026-04-25 12:16:30 INFO    dissertation.runner              | Pipeline log: C:\Users\cbaraka.AFA\OneDrive - University of East London\Masters\Dissertation\Codes\Iteration_2\_outputs\logs\pipeline_20260425T091613Z.log
2026-04-25 12:16:30 INFO    dissertation.runner              | ==============================================================================
2026-04-25 12:16:30 INFO    __main__                         | Stage 1 rolling-origin CV: 252 folds planned (initial train=60, total months=312)
2026-04-25 12:16:32 INFO    __main__                         |   [fold 1/252] Optuna retune (TPE, 50 trials)
2026-04-25 12:17:27 INFO    __main__                         |   progress: fold 25/252 (10%) elapsed 56.7s
2026-04-25 12:18:13 INFO    __main__                         |   progress: fold 50/252 (20%) elapsed 103.3s
2026-04-25 12:18:15 INFO    __main__                         |   [fold 51/252] Optuna retune (TPE, 50 trials)
2026-04-25 12:19:10 INFO    __main__                         |   progress: fold 75/252 (30%) elapsed 160.4s
2026-04-25 12:20:00 INFO    __main__                         |   progress: fold 100/252 (40%) elapsed 209.9s
2026-04-25 12:20:02 INFO    __main__                         |   [fold 101/252] Optuna retune (TPE, 50 trials)
2026-04-25 12:20:59 INFO    __main__                         |   progress: fold 125/252 (50%) elapsed 269.0s
2026-04-25 12:22:11 INFO    __main__                         |   progress: fold 150/252 (60%) elapsed 340.5s
2026-04-25 12:22:16 INFO    __main__                         |   [fold 151/252] Optuna retune (TPE, 50 trials)
2026-04-25 12:23:52 INFO    __main__                         |   progress: fold 175/252 (69%) elapsed 442.1s
2026-04-25 12:24:57 INFO    __main__                         |   progress: fold 200/252 (79%) elapsed 507.1s
2026-04-25 12:26:04 INFO    __main__                         |   progress: fold 225/252 (89%) elapsed 574.3s
2026-04-25 12:27:14 INFO    __main__                         |   progress: fold 250/252 (99%) elapsed 644.3s
2026-04-25 12:27:17 INFO    __main__                         |   [fold 251/252] Optuna retune (TPE, 50 trials)
2026-04-25 12:27:28 INFO    __main__                         |   progress: fold 252/252 (100%) elapsed 657.5s
2026-04-25 12:27:28 INFO    __main__                         | Stage 1 CV finished: 240 successful / 252 planned (12 skipped)
2026-04-25 12:27:28 INFO    __main__                         |   skip-reason tally:
2026-04-25 12:27:28 INFO    __main__                         |       12 x target NaN (e.g., recess month)
2026-04-25 12:27:31 ERROR   dissertation.run_all             | [5/8] FAIL : step4a_xgb_stage1_monthly.py (rc=1) in 663.5s -- aborting
